2026-09-10 01:16:00.096: [INFO] CurrentProfilePath: C:\Users\Admin\Desktop\Biblioteca\.metadata\.plugins\org.eclipse.swt\EBWebView\Default
2026-09-10 01:16:00.096: [INFO] Profiles total count: 1
2026-09-10 01:16:00.096: [INFO] Profile: name=Perfil 1 path=C:\Users\Admin\Desktop\Biblioteca\.metadata\.plugins\org.eclipse.swt\EBWebView\Default lastActive=null
2026-09-10 01:16:00.096: [INFO] LastUsedProfileDir: C:\Users\Admin\Desktop\Biblioteca\.metadata\.plugins\org.eclipse.swt\EBWebView\Default
2026-09-10 01:16:00.096: [INFO] OnDoneLoading sync enabled: 0
2026-09-10 01:16:00.096: [INFO] BookmarkModelLoaded, ids_reassigned: 0
2026-09-10 01:16:00.096: [INFO] BookmarksLoadDropped droppedNodes=0
2026-09-10 01:16:00.096: [INFO] BookmarksSnapshot Startup total=0 bar=0 other=0 mobile=0 showBar=0 showBarNTP=1
2026-09-10 01:16:05.293: [INFO] BookmarksSnapshot Shutdown total=0 bar=0 other=0 mobile=0 showBar=0 showBarNTP=1
2026-09-10 01:16:16.694: [INFO] CurrentProfilePath: C:\Users\Admin\Desktop\Biblioteca\.metadata\.plugins\org.eclipse.swt\EBWebView\Default
2026-09-10 01:16:16.694: [INFO] Profiles total count: 1
2026-09-10 01:16:16.694: [INFO] Profile: name=Perfil 1 path=C:\Users\Admin\Desktop\Biblioteca\.metadata\.plugins\org.eclipse.swt\EBWebView\Default lastActive=2026-09-10T01:16:03.904Z
2026-09-10 01:16:16.694: [INFO] LastUsedProfileDir: C:\Users\Admin\Desktop\Biblioteca\.metadata\.plugins\org.eclipse.swt\EBWebView\Default
2026-09-10 01:16:16.694: [INFO] MostRecentlyActiveProfile: name=Perfil 1 path=C:\Users\Admin\Desktop\Biblioteca\.metadata\.plugins\org.eclipse.swt\EBWebView\Default lastActive=2026-09-10T01:16:03.904Z
2026-09-10 01:16:16.694: [INFO] OnDoneLoading sync enabled: 0
2026-09-10 01:16:16.695: [INFO] BookmarkModelLoaded, ids_reassigned: 0
2026-09-10 01:16:16.695: [INFO] BookmarksLoadDropped droppedNodes=0
2026-09-10 01:16:16.695: [INFO] BookmarksSnapshot Startup total=0 bar=0 other=0 mobile=0 showBar=0 showBarNTP=1
2026-09-10 01:16:22.884: [INFO] BookmarksSnapshot Shutdown total=0 bar=0 other=0 mobile=0 showBar=0 showBarNTP=1
2026-09-10 01:20:16.135: [INFO] CurrentProfilePath: C:\Users\Admin\Documents\KrakeDev\Nivel 1\Introducción_a_POO\Clases\Biblioteca\.metadata\.plugins\org.eclipse.swt\EBWebView\Default
2026-09-10 01:20:16.135: [INFO] Profiles total count: 1
2026-09-10 01:20:16.135: [INFO] Profile: name=Perfil 1 path=C:\Users\Admin\Documents\KrakeDev\Nivel 1\Introducción_a_POO\Clases\Biblioteca\.metadata\.plugins\org.eclipse.swt\EBWebView\Default lastActive=2026-09-10T01:16:21.160Z
2026-09-10 01:20:16.135: [INFO] LastUsedProfileDir: C:\Users\Admin\Documents\KrakeDev\Nivel 1\Introducción_a_POO\Clases\Biblioteca\.metadata\.plugins\org.eclipse.swt\EBWebView\Default
2026-09-10 01:20:16.135: [INFO] MostRecentlyActiveProfile: name=Perfil 1 path=C:\Users\Admin\Documents\KrakeDev\Nivel 1\Introducción_a_POO\Clases\Biblioteca\.metadata\.plugins\org.eclipse.swt\EBWebView\Default lastActive=2026-09-10T01:16:21.160Z
2026-09-10 01:20:16.135: [INFO] OnDoneLoading sync enabled: 0
2026-09-10 01:20:16.135: [INFO] BookmarkModelLoaded, ids_reassigned: 0
2026-09-10 01:20:16.135: [INFO] BookmarksLoadDropped droppedNodes=0
2026-09-10 01:20:16.135: [INFO] BookmarksSnapshot Startup total=0 bar=0 other=0 mobile=0 showBar=0 showBarNTP=1
2026-09-10 01:20:34.150: [INFO] BookmarksSnapshot Shutdown total=0 bar=0 other=0 mobile=0 showBar=0 showBarNTP=1
